============================= test session starts =============================
platform win32 -- Python 3.13.7, pytest-9.0.2, pluggy-1.6.0
rootdir: C:\GitHub\umbral-agent-stack-antigravity
plugins: anyio-4.12.1
collected 324 items

tests\test_composite_handler.py .......                                  [  2%]
tests\test_daily_digest.py ...................................           [ 12%]
tests\test_dashboard.py ..............                                   [ 17%]
tests\test_dispatcher.py .......................                         [ 24%]
tests\test_dispatcher_resilience.py ...................                  [ 30%]
tests\test_enqueue_api.py ..................                             [ 35%]
tests\test_hardening.py .....s............                               [ 41%]
tests\test_intent_classifier.py .................................        [ 51%]
tests\test_linear.py ....                                                [ 52%]
tests\test_linear_team_router.py ...............................         [ 62%]
tests\test_llm_handler.py ...                                            [ 63%]
tests\test_make_webhook.py ...............................               [ 72%]
tests\test_model_router.py ..............                                [ 77%]
tests\test_notion_report_page.py ....                                    [ 78%]
tests\test_observability.py .........                                    [ 81%]
tests\test_research_handler.py ...                                       [ 82%]
tests\test_sim_daily_report.py ...                                       [ 83%]
tests\test_smart_reply.py ......FFFFFFFF...FFF                           [ 89%]
tests\test_task_history.py ........                                      [ 91%]
tests\test_webhook_callback.py .....                                     [ 93%]
tests\test_worker.py ......................                              [100%]

================================== FAILURES ===================================
____________ TestQuestionFlow.test_question_with_research_and_llm _____________

self = <tests.test_smart_reply.TestQuestionFlow object at 0x0000022618DA5310>
wc = <MagicMock id='2362649506016'>, queue = <MagicMock id='2362649507024'>

    def test_question_with_research_and_llm(self, wc, queue):
        """Full pipeline: research.web \u2192 llm.generate \u2192 notion.add_comment."""
        wc.run.side_effect = [
            _research_result(3),   # research.web
            _llm_result("BIM 2026 se enfoca en gemelos digitales."),  # llm.generate
            _empty_result(),       # notion.add_comment
        ]
>       handle_smart_reply(COMMENT_TEXT_QUESTION, COMMENT_ID, "question", "improvement", wc, queue)
E       TypeError: handle_smart_reply() missing 1 required positional argument: 'scheduler'

tests\test_smart_reply.py:131: TypeError
___________ TestQuestionFlow.test_question_research_fails_llm_only ____________

self = <tests.test_smart_reply.TestQuestionFlow object at 0x0000022618DA5450>
wc = <MagicMock id='2362649509376'>, queue = <MagicMock id='2362649505008'>

    def test_question_research_fails_llm_only(self, wc, queue):
        """research.web fails \u2192 still answers via LLM (no web context)."""
        wc.run.side_effect = [
            Exception("Tavily down"),      # research.web fails
            _llm_result("Respuesta sin contexto web."),  # llm.generate
            _empty_result(),               # notion.add_comment
        ]
>       handle_smart_reply(COMMENT_TEXT_QUESTION, COMMENT_ID, "question", "system", wc, queue)
E       TypeError: handle_smart_reply() missing 1 required positional argument: 'scheduler'

tests\test_smart_reply.py:153: TypeError
___________ TestQuestionFlow.test_question_llm_fails_posts_fallback ___________

self = <tests.test_smart_reply.TestQuestionFlow object at 0x0000022618DB8B00>
wc = <MagicMock id='2362649506352'>, queue = <MagicMock id='2362649504336'>

    def test_question_llm_fails_posts_fallback(self, wc, queue):
        """Both research + LLM fail \u2192 fallback acknowledgment."""
        wc.run.side_effect = [
            _research_result(1),     # research OK
            Exception("Gemini down"),  # llm.generate fails
            _empty_result(),         # fallback notion.add_comment
        ]
>       handle_smart_reply(COMMENT_TEXT_QUESTION, COMMENT_ID, "question", "system", wc, queue)
E       TypeError: handle_smart_reply() missing 1 required positional argument: 'scheduler'

tests\test_smart_reply.py:166: TypeError
___________ TestQuestionFlow.test_question_both_fail_posts_fallback ___________

self = <tests.test_smart_reply.TestQuestionFlow object at 0x0000022618DB8C30>
wc = <MagicMock id='2362649505344'>, queue = <MagicMock id='2362649497616'>

    def test_question_both_fail_posts_fallback(self, wc, queue):
        """Research fails + LLM fails \u2192 fallback."""
        wc.run.side_effect = [
            Exception("research down"),
            Exception("llm down"),
            _empty_result(),  # fallback post
        ]
>       handle_smart_reply(COMMENT_TEXT_QUESTION, COMMENT_ID, "question", "system", wc, queue)
E       TypeError: handle_smart_reply() missing 1 required positional argument: 'scheduler'

tests\test_smart_reply.py:179: TypeError
_____________ TestTaskFlow.test_task_generates_plan_and_enqueues ______________

self = <tests.test_smart_reply.TestTaskFlow object at 0x0000022618DA5590>
wc = <MagicMock id='2362649499968'>, queue = <MagicMock id='2362649500976'>

    def test_task_generates_plan_and_enqueues(self, wc, queue):
        """task \u2192 LLM plan + post + enqueue."""
        wc.run.side_effect = [
            _llm_result("1. Recopilar datos\n2. Generar grßficas\n3. Publicar"),  # llm
            _empty_result(),  # notion.add_comment
        ]
>       handle_smart_reply(COMMENT_TEXT_TASK, COMMENT_ID, "task", "marketing", wc, queue)
E       TypeError: handle_smart_reply() missing 1 required positional argument: 'scheduler'

tests\test_smart_reply.py:194: TypeError
_______________ TestTaskFlow.test_task_llm_fails_posts_fallback _______________

self = <tests.test_smart_reply.TestTaskFlow object at 0x0000022618DA56D0>
wc = <MagicMock id='2362649496272'>, queue = <MagicMock id='2362649495936'>

    def test_task_llm_fails_posts_fallback(self, wc, queue):
        """task but LLM fails \u2192 fallback."""
        wc.run.side_effect = [
            Exception("llm down"),
            _empty_result(),  # fallback post
        ]
>       handle_smart_reply(COMMENT_TEXT_TASK, COMMENT_ID, "task", "marketing", wc, queue)
E       TypeError: handle_smart_reply() missing 1 required positional argument: 'scheduler'

tests\test_smart_reply.py:215: TypeError
___________ TestInstructionFlow.test_instruction_posts_confirmation ___________

self = <tests.test_smart_reply.TestInstructionFlow object at 0x0000022618DA5810>
wc = <MagicMock id='2362649497952'>, queue = <MagicMock id='2362649497280'>

    def test_instruction_posts_confirmation(self, wc, queue):
        wc.run.return_value = _empty_result()
>       handle_smart_reply(COMMENT_TEXT_INSTRUCTION, COMMENT_ID, "instruction", "system", wc, queue)
E       TypeError: handle_smart_reply() missing 1 required positional argument: 'scheduler'

tests\test_smart_reply.py:227: TypeError
_________________ TestEchoFlow.test_echo_posts_acknowledgment _________________

self = <tests.test_smart_reply.TestEchoFlow object at 0x0000022618DA5950>
wc = <MagicMock id='2362649494928'>, queue = <MagicMock id='2362649495600'>

    def test_echo_posts_acknowledgment(self, wc, queue):
        wc.run.return_value = _empty_result()
>       handle_smart_reply(COMMENT_TEXT_ECHO, COMMENT_ID, "echo", "system", wc, queue)
E       TypeError: handle_smart_reply() missing 1 required positional argument: 'scheduler'

tests\test_smart_reply.py:240: TypeError
____ TestPipelineResilience.test_entire_pipeline_exception_posts_fallback _____

self = <tests.test_smart_reply.TestPipelineResilience object at 0x0000022618DA5D10>
wc = <MagicMock id='2362649498960'>, queue = <MagicMock id='2362649505344'>

    def test_entire_pipeline_exception_posts_fallback(self, wc, queue):
        """If handle_smart_reply's internal logic throws, fallback is posted."""
        # Make _handle_question crash by having research return unexpected format
        wc.run.side_effect = [
            {"ok": True, "result": None},  # research returns None result
            Exception("boom"),              # LLM also fails
            _empty_result(),               # fallback comment
        ]
        # Should not raise
>       handle_smart_reply(COMMENT_TEXT_QUESTION, COMMENT_ID, "question", "system", wc, queue)
E       TypeError: handle_smart_reply() missing 1 required positional argument: 'scheduler'

tests\test_smart_reply.py:279: TypeError
____________ TestPollerIntegration.test_do_poll_calls_smart_reply _____________

self = <tests.test_smart_reply.TestPollerIntegration object at 0x0000022618DA5E50>
mock_smart = <MagicMock name='handle_smart_reply' id='2362649499968'>
wc = <MagicMock id='2362649500976'>

    @patch("dispatcher.notion_poller.handle_smart_reply")
    def test_do_poll_calls_smart_reply(self, mock_smart, wc):
        import fakeredis
        r = fakeredis.FakeRedis(decode_responses=True)
        from dispatcher.queue import TaskQueue
        queue = TaskQueue(r)
    
        # Simulate a comment returned by poll
        wc.notion_poll_comments.return_value = {
            "comments": [
                {
                    "id": COMMENT_ID,
                    "text": COMMENT_TEXT_QUESTION,
                    "created_time": "2026-03-04T10:00:00Z",
                }
            ]
        }
    
        from dispatcher.notion_poller import _do_poll
        # Patch the import of smart_reply inside notion_poller
        with patch("dispatcher.notion_poller.handle_smart_reply", mock_smart):
>           _do_poll(wc, queue, r)
E           TypeError: _do_poll() missing 1 required positional argument: 'scheduler'

tests\test_smart_reply.py:310: TypeError
_____________ TestPollerIntegration.test_do_poll_skips_rick_echo ______________

self = <tests.test_smart_reply.TestPollerIntegration object at 0x0000022618DA5F90>
mock_smart = <MagicMock name='handle_smart_reply' id='2362649504672'>
wc = <MagicMock id='2362649496272'>

    @patch("dispatcher.notion_poller.handle_smart_reply")
    def test_do_poll_skips_rick_echo(self, mock_smart, wc):
        """Comments starting with 'Rick:' should be skipped."""
        import fakeredis
        r = fakeredis.FakeRedis(decode_responses=True)
        from dispatcher.queue import TaskQueue
        queue = TaskQueue(r)
    
        wc.notion_poll_comments.return_value = {
            "comments": [
                {
                    "id": "skip-this",
                    "text": "Rick: ya respondÝ",
                    "created_time": "2026-03-04T10:00:00Z",
                }
            ]
        }
    
        from dispatcher.notion_poller import _do_poll
        with patch("dispatcher.notion_poller.handle_smart_reply", mock_smart):
>           _do_poll(wc, queue, r)
E           TypeError: _do_poll() missing 1 required positional argument: 'scheduler'

tests\test_smart_reply.py:339: TypeError
=========================== short test summary info ===========================
FAILED tests/test_smart_reply.py::TestQuestionFlow::test_question_with_research_and_llm
FAILED tests/test_smart_reply.py::TestQuestionFlow::test_question_research_fails_llm_only
FAILED tests/test_smart_reply.py::TestQuestionFlow::test_question_llm_fails_posts_fallback
FAILED tests/test_smart_reply.py::TestQuestionFlow::test_question_both_fail_posts_fallback
FAILED tests/test_smart_reply.py::TestTaskFlow::test_task_generates_plan_and_enqueues
FAILED tests/test_smart_reply.py::TestTaskFlow::test_task_llm_fails_posts_fallback
FAILED tests/test_smart_reply.py::TestInstructionFlow::test_instruction_posts_confirmation
FAILED tests/test_smart_reply.py::TestEchoFlow::test_echo_posts_acknowledgment
FAILED tests/test_smart_reply.py::TestPipelineResilience::test_entire_pipeline_exception_posts_fallback
FAILED tests/test_smart_reply.py::TestPollerIntegration::test_do_poll_calls_smart_reply
FAILED tests/test_smart_reply.py::TestPollerIntegration::test_do_poll_skips_rick_echo
================== 11 failed, 312 passed, 1 skipped in 2.99s ==================
